╭────────────────────────────────────────╮
│cter Zote from an awesome "Hollow knight│
╰────────────────────────────────────────╯