╭────────────────────────────────────────────────╮
│  57 Precepts of narcissistic comedy character Z│
│  ote from an awesome "Hollow knight" game (http│
│  s://store.steampowered.com/app/367520/Hollow_K│
│  night/).                                      │
│  Precept One: 'Always Win Your Battles'. Losing│
│   a battle earns you nothing and teaches you no│
│  thing. Win your battles, or don't engage in th│
│  em at all!                                    │
│                                                │
│  Precept Two: 'Never Let Them Laugh at You'. Fo│
│  ols laugh at everything, even at their superio│
│  rs. But beware, laughter isn't harmless! Laugh│
│  ter spreads like a disease, and soon everyone │
╰────────────────────────────────────────────────╯