╭────────────────────────────────────────────────╮
│store.steampowered.com/app/367520/Hollow_Knight/│
│).                                              │
│Precept One: 'Always Win Your Battles'. Losing a│
│ battle earns you nothing and teaches you nothin│
│g. Win your battles, or don't engage in them at │
│all!                                            │
│                                                │
│Precept Two: 'Never Let Them Laugh at You'. Fool│
│s laugh at everything, even at their superiors. │
│But beware, laughter isn't harmless! Laughter sp│
│reads like a disease, and soon everyone is laugh│
│ing at you. You need to strike at the source of │
│this perverse merriment quickly to stop it from │
╰────────────────────────────────────────────────╯