╭────────────────────────────────────────╮
│ll know how many foes you've defeated.  │
╰────────────────────────────────────────╯