╭────────────────────────────────────────╮
│57 Precepts of narcissistic comedy chara│
╰────────────────────────────────────────╯