╭────────────────────────────────────────╮
│" game (https://store.steampowered.com/a│
╰────────────────────────────────────────╯