[38;5;238m┌[m[38;5;238m────────────[m[38;5;238m┬[m[38;5;238m────────────[m[38;5;238m┬[m[38;5;238m───────────[m[38;5;238m┬[m[38;5;238m───────────[m[38;5;238m┬[m[38;5;238m────────────[m[38;5;238m┬[m[38;5;238m───────────────[m[38;5;238m┐[m
[38;5;238m│[m [1;38;5;252m#[m          [38;5;238m│[m [1;38;5;252mName[m       [38;5;238m│[m [1;38;5;252mType 1[m    [38;5;238m│[m [1;38;5;252mType 2[m    [38;5;238m│[m [1;38;5;252mJapanese[m   [38;5;238m│[m [1;38;5;252mOfficial Rom.[m [38;5;238m│[m
[38;5;238m├[m[38;5;238m────────────[m[38;5;238m┼[m[38;5;238m────────────[m[38;5;238m┼[m[38;5;238m───────────[m[38;5;238m┼[m[38;5;238m───────────[m[38;5;238m┼[m[38;5;238m────────────[m[38;5;238m┼[m[38;5;238m───────────────[m[38;5;238m┤[m
[38;5;238m│[m [38;5;245m1[m          [38;5;238m│[m [38;5;245mBulbasaur[m  [38;5;238m│[m [38;2;89;185;128mGrass[m     [38;5;238m│[m [38;2;99;75;208mPoison[m    [38;5;238m│[m [38;5;245mフシギダネ[m [38;5;238m│[m [38;5;245mFushigidane[m   [38;5;238m│[m
[38;5;238m│[m [38;5;252m2[m          [38;5;238m│[m [38;5;252mIvysaur[m    [38;5;238m│[m [38;2;117;251;171mGrass[m     [38;5;238m│[m [38;2;125;90;252mPoison[m    [38;5;238m│[m [38;5;252mフシギソウ[m [38;5;238m│[m [38;5;252mFushigisou[m    [38;5;238m│[m
[38;5;238m│[m [38;5;245m3[m          [38;5;238m│[m [38;5;245mVenusaur[m   [38;5;238m│[m [38;2;89;185;128mGrass[m     [38;5;238m│[m [38;2;99;75;208mPoison[m    [38;5;238m│[m [38;5;245mフシギバナ[m [38;5;238m│[m [38;5;245mFushigibana[m   [38;5;238m│[m
[38;5;238m│[m [38;5;252m4[m          [38;5;238m│[m [38;5;252mCharmander[m [38;5;238m│[m [38;2;255;118;152mFire[m      [38;5;238m│[m           [38;5;238m│[m [38;5;252mヒトカゲ[m   [38;5;238m│[m [38;5;252mHitokage[m      [38;5;238m│[m
[38;5;238m│[m [38;5;245m5[m          [38;5;238m│[m [38;5;245mCharmeleon[m [38;5;238m│[m [38;2;186;95;117mFire[m      [38;5;238m│[m           [38;5;238m│[m [38;5;245mリザード[m   [38;5;238m│[m [38;5;245mLizardo[m       [38;5;238m│[m
[38;5;238m│[m [38;5;252m6[m          [38;5;238m│[m [38;5;252mCharizard[m  [38;5;238m│[m [38;2;255;118;152mFire[m      [38;5;238m│[m [38;2;255;135;215mFlying[m    [38;5;238m│[m [38;5;252mリザードン[m [38;5;238m│[m [38;5;252mLizardon[m      [38;5;238m│[m
[38;5;238m│[m [38;5;245m7[m          [38;5;238m│[m [38;5;245mSquirtle[m   [38;5;238m│[m [38;2;67;159;142mWater[m     [38;5;238m│[m           [38;5;238m│[m [38;5;245mゼニガメ[m   [38;5;238m│[m [38;5;245mZenigame[m      [38;5;238m│[m
[38;5;238m│[m [38;5;252m8[m          [38;5;238m│[m [38;5;252mWartortle[m  [38;5;238m│[m [38;2;0;226;199mWater[m     [38;5;238m│[m           [38;5;238m│[m [38;5;252mカメール[m   [38;5;238m│[m [38;5;252mKameil[m        [38;5;238m│[m
[38;5;238m│[m [38;5;245m9[m          [38;5;238m│[m [38;5;245mBlastoise[m  [38;5;238m│[m [38;2;67;159;142mWater[m     [38;5;238m│[m           [38;5;238m│[m [38;5;245mカメックス[m [38;5;238m│[m [38;5;245mKamex[m         [38;5;238m│[m
[38;5;238m│[m [38;5;252m10[m         [38;5;238m│[m [38;5;252mCaterpie[m   [38;5;238m│[m [38;2;215;255;135mBug[m       [38;5;238m│[m           [38;5;238m│[m [38;5;252mキャタピー[m [38;5;238m│[m [38;5;252mCaterpie[m      [38;5;238m│[m
[38;5;238m│[m [38;5;245m11[m         [38;5;238m│[m [38;5;245mMetapod[m    [38;5;238m│[m [38;2;151;173;100mBug[m       [38;5;238m│[m           [38;5;238m│[m [38;5;245mトランセル[m [38;5;238m│[m [38;5;245mTrancell[m      [38;5;238m│[m
[38;5;238m│[m [38;5;252m12[m         [38;5;238m│[m [38;5;252mButterfree[m [38;5;238m│[m [38;2;215;255;135mBug[m       [38;5;238m│[m [38;2;255;135;215mFlying[m    [38;5;238m│[m [38;5;252mバタフリー[m [38;5;238m│[m [38;5;252mButterfree[m    [38;5;238m│[m
[38;5;238m│[m [38;5;245m13[m         [38;5;238m│[m [38;5;245mWeedle[m     [38;5;238m│[m [38;2;151;173;100mBug[m       [38;5;238m│[m [38;2;99;75;208mPoison[m    [38;5;238m│[m [38;5;245mビードル[m   [38;5;238m│[m [38;5;245mBeedle[m        [38;5;238m│[m
[38;5;238m│[m [38;5;252m14[m         [38;5;238m│[m [38;5;252mKakuna[m     [38;5;238m│[m [38;2;215;255;135mBug[m       [38;5;238m│[m [38;2;125;90;252mPoison[m    [38;5;238m│[m [38;5;252mコクーン[m   [38;5;238m│[m [38;5;252mCocoon[m        [38;5;238m│[m
[38;5;238m│[m [38;5;245m15[m         [38;5;238m│[m [38;5;245mBeedrill[m   [38;5;238m│[m [38;2;151;173;100mBug[m       [38;5;238m│[m [38;2;99;75;208mPoison[m    [38;5;238m│[m [38;5;245mスピアー[m   [38;5;238m│[m [38;5;245mSpear[m         [38;5;238m│[m
[38;5;238m│[m [38;5;252m16[m         [38;5;238m│[m [38;5;252mPidgey[m     [38;5;238m│[m [38;2;146;146;146mNormal[m    [38;5;238m│[m [38;2;255;135;215mFlying[m    [38;5;238m│[m [38;5;252mポッポ[m     [38;5;238m│[m [38;5;252mPoppo[m         [38;5;238m│[m
[38;5;238m│[m [38;5;245m17[m         [38;5;238m│[m [38;5;245mPidgeotto[m  [38;5;238m│[m [38;2;114;114;114mNormal[m    [38;5;238m│[m [38;2;201;122;178mFlying[m    [38;5;238m│[m [38;5;245mピジョン[m   [38;5;238m│[m [38;5;245mPigeon[m        [38;5;238m│[m
[38;5;238m│[m [38;5;252m18[m         [38;5;238m│[m [38;5;252mPidgeot[m    [38;5;238m│[m [38;2;146;146;146mNormal[m    [38;5;238m│[m [38;2;255;135;215mFlying[m    [38;5;238m│[m [38;5;252mピジョット[m [38;5;238m│[m [38;5;252mPigeot[m        [38;5;238m│[m
[38;5;238m│[m [38;5;245m19[m         [38;5;238m│[m [38;5;245mRattata[m    [38;5;238m│[m [38;2;114;114;114mNormal[m    [38;5;238m│[m           [38;5;238m│[m [38;5;245mコラッタ[m   [38;5;238m│[m [38;5;245mKoratta[m       [38;5;238m│[m
[38;5;238m│[m [38;5;252m20[m         [38;5;238m│[m [38;5;252mRaticate[m   [38;5;238m│[m [38;2;146;146;146mNormal[m    [38;5;238m│[m           [38;5;238m│[m [38;5;252mラッタ[m     [38;5;238m│[m [38;5;252mRatta[m         [38;5;238m│[m
[38;5;238m│[m [38;5;245m21[m         [38;5;238m│[m [38;5;245mSpearow[m    [38;5;238m│[m [38;2;114;114;114mNormal[m    [38;5;238m│[m [38;2;201;122;178mFlying[m    [38;5;238m│[m [38;5;245mオニスズメ[m [38;5;238m│[m [38;5;245mOnisuzume[m     [38;5;238m│[m
[38;5;238m│[m [38;5;252m22[m         [38;5;238m│[m [38;5;252mFearow[m     [38;5;238m│[m [38;2;146;146;146mNormal[m    [38;5;238m│[m [38;2;255;135;215mFlying[m    [38;5;238m│[m [38;5;252mオニドリル[m [38;5;238m│[m [38;5;252mOnidrill[m      [38;5;238m│[m
[38;5;238m│[m [38;5;245m23[m         [38;5;238m│[m [38;5;245mEkans[m      [38;5;238m│[m [38;2;99;75;208mPoison[m    [38;5;238m│[m           [38;5;238m│[m [38;5;245mアーボ[m     [38;5;238m│[m [38;5;245mArbo[m          [38;5;238m│[m
[38;5;238m│[m [38;5;252m24[m         [38;5;238m│[m [38;5;252mArbok[m      [38;5;238m│[m [38;2;125;90;252mPoison[m    [38;5;238m│[m           [38;5;238m│[m [38;5;252mアーボック[m [38;5;238m│[m [38;5;252mArbok[m         [38;5;238m│[m
[38;5;238m│[m[48;2;0;67;47m [m[38;2;1;190;133;48;2;0;67;47m25[m[48;2;0;67;47m [m[48;2;0;67;47m        [m[38;5;238m│[m[48;2;0;67;47m [m[38;2;1;190;133;48;2;0;67;47mPikachu[m[48;2;0;67;47m [m[48;2;0;67;47m   [m[38;5;238m│[m[48;2;0;67;47m [m[38;2;1;190;133;48;2;0;67;47mElectric[m[48;2;0;67;47m [m[48;2;0;67;47m [m[38;5;238m│[m[48;2;0;67;47m [m[38;2;1;190;133;48;2;0;67;47m[m[48;2;0;67;47m [m[48;2;0;67;47m         [m[38;5;238m│[m[48;2;0;67;47m [m[38;2;1;190;133;48;2;0;67;47mピカチュウ[m[48;2;0;67;47m [m[38;5;238m│[m[48;2;0;67;47m [m[38;2;1;190;133;48;2;0;67;47mPikachu[m[48;2;0;67;47m [m[48;2;0;67;47m      [m[38;5;238m│[m
[38;5;238m│[m [38;5;252m26[m         [38;5;238m│[m [38;5;252mRaichu[m     [38;5;238m│[m [38;2;253;255;144mElectric[m  [38;5;238m│[m           [38;5;238m│[m [38;5;252mライチュウ[m [38;5;238m│[m [38;5;252mRaichu[m        [38;5;238m│[m
[38;5;238m│[m [38;5;245m27[m         [38;5;238m│[m [38;5;245mSandshrew[m  [38;5;238m│[m [38;2;199;114;82mGround[m    [38;5;238m│[m           [38;5;238m│[m [38;5;245mサンド[m     [38;5;238m│[m [38;5;245mSand[m          [38;5;238m│[m
[38;5;238m│[m [38;5;252m28[m         [38;5;238m│[m [38;5;252mSandslash[m  [38;5;238m│[m [38;2;255;135;95mGround[m    [38;5;238m│[m           [38;5;238m│[m [38;5;252mサンドパン[m [38;5;238m│[m [38;5;252mSandpan[m       [38;5;238m│[m
[38;5;238m└[m[38;5;238m────────────[m[38;5;238m┴[m[38;5;238m────────────[m[38;5;238m┴[m[38;5;238m───────────[m[38;5;238m┴[m[38;5;238m───────────[m[38;5;238m┴[m[38;5;238m────────────[m[38;5;238m┴[m[38;5;238m───────────────[m[38;5;238m┘[m