[38;5;238m┌[m[38;5;238m───────────────────[m[38;5;238m┬[m[38;5;238m───────────────────[m[38;5;238m┬[m[38;5;238m───────────────────[m[38;5;238m┬[m[38;5;238m──────────────────[m[38;5;238m┐[m
[38;5;238m│[m [1;38;5;252mRank[m              [38;5;238m│[m [1;38;5;252mCity[m              [38;5;238m│[m [1;38;5;252mCountry[m           [38;5;238m│[m [1;38;5;252mPopulation[m       [38;5;238m│[m
[38;5;238m├[m[38;5;238m───────────────────[m[38;5;238m┼[m[38;5;238m───────────────────[m[38;5;238m┼[m[38;5;238m───────────────────[m[38;5;238m┼[m[38;5;238m──────────────────[m[38;5;238m┤[m
[38;5;238m│[m [38;5;245m1[m                 [38;5;238m│[m [38;5;245mTokyo[m             [38;5;238m│[m [38;5;245mJapan[m             [38;5;238m│[m [38;5;245m37,274,000[m       [38;5;238m│[m
[38;5;238m│[m [38;5;252m2[m                 [38;5;238m│[m [38;5;252mDelhi[m             [38;5;238m│[m [38;5;252mIndia[m             [38;5;238m│[m [38;5;252m32,065,760[m       [38;5;238m│[m
[38;5;238m│[m [38;5;245m3[m                 [38;5;238m│[m [38;5;245mShanghai[m          [38;5;238m│[m [38;5;245mChina[m             [38;5;238m│[m [38;5;245m28,516,904[m       [38;5;238m│[m
[38;5;238m│[m [38;5;252m4[m                 [38;5;238m│[m [38;5;252mDhaka[m             [38;5;238m│[m [38;5;252mBangladesh[m        [38;5;238m│[m [38;5;252m22,478,116[m       [38;5;238m│[m
[38;5;238m│[m [38;5;245m5[m                 [38;5;238m│[m [38;5;245mSão Paulo[m         [38;5;238m│[m [38;5;245mBrazil[m            [38;5;238m│[m [38;5;245m22,429,800[m       [38;5;238m│[m
[38;5;238m│[m [38;5;252m6[m                 [38;5;238m│[m [38;5;252mMexico City[m       [38;5;238m│[m [38;5;252mMexico[m            [38;5;238m│[m [38;5;252m22,085,140[m       [38;5;238m│[m
[38;5;238m│[m [38;5;245m7[m                 [38;5;238m│[m [38;5;245mCairo[m             [38;5;238m│[m [38;5;245mEgypt[m             [38;5;238m│[m [38;5;245m21,750,020[m       [38;5;238m│[m
[38;5;238m│[m [38;5;252m8[m                 [38;5;238m│[m [38;5;252mBeijing[m           [38;5;238m│[m [38;5;252mChina[m             [38;5;238m│[m [38;5;252m21,333,332[m       [38;5;238m│[m
[38;5;238m│[m [38;5;245m9[m                 [38;5;238m│[m [38;5;245mMumbai[m            [38;5;238m│[m [38;5;245mIndia[m             [38;5;238m│[m [38;5;245m20,961,472[m       [38;5;238m│[m
[38;5;238m│[m [38;5;252m10[m                [38;5;238m│[m [38;5;252mOsaka[m             [38;5;238m│[m [38;5;252mJapan[m             [38;5;238m│[m [38;5;252m19,059,856[m       [38;5;238m│[m
[38;5;238m│[m [38;5;245m11[m                [38;5;238m│[m [38;5;245mChongqing[m         [38;5;238m│[m [38;5;245mChina[m             [38;5;238m│[m [38;5;245m16,874,740[m       [38;5;238m│[m
[38;5;238m│[m [38;5;252m12[m                [38;5;238m│[m [38;5;252mKarachi[m           [38;5;238m│[m [38;5;252mPakistan[m          [38;5;238m│[m [38;5;252m16,839,950[m       [38;5;238m│[m
[38;5;238m│[m [38;5;245m13[m                [38;5;238m│[m [38;5;245mIstanbul[m          [38;5;238m│[m [38;5;245mTurkey[m            [38;5;238m│[m [38;5;245m15,636,243[m       [38;5;238m│[m
[38;5;238m│[m [38;5;252m14[m                [38;5;238m│[m [38;5;252mKinshasa[m          [38;5;238m│[m [38;5;252mDR Congo[m          [38;5;238m│[m [38;5;252m15,628,085[m       [38;5;238m│[m
[38;5;238m│[m [38;5;245m15[m                [38;5;238m│[m [38;5;245mLagos[m             [38;5;238m│[m [38;5;245mNigeria[m           [38;5;238m│[m [38;5;245m15,387,639[m       [38;5;238m│[m
[38;5;238m│[m [38;5;252m16[m                [38;5;238m│[m [38;5;252mBuenos Aires[m      [38;5;238m│[m [38;5;252mArgentina[m         [38;5;238m│[m [38;5;252m15,369,919[m       [38;5;238m│[m
[38;5;238m└[m[38;5;238m───────────────────[m[38;5;238m┴[m[38;5;238m───────────────────[m[38;5;238m┴[m[38;5;238m───────────────────[m[38;5;238m┴[m[38;5;238m──────────────────[m[38;5;238m┘[m