enter continue | esc back | H      home
                 ?   help   ctrl+c quit
                            ctrl+l log 