enter continue | esc back â€¦
                 ?   help  