→ ▼ ~/charm                                                           
  ├──ayman                                                            
  ├──▼ bash                                                           
  │  └──▼ tools                                                       
  │     ├──zsh                                                        
  │     └──doom-emacs                                                 
  ├──▼ carlos                                                         
  │  └──▼ emotes                                                      
  │     ├──chefkiss.png                                               
  │     └──kekw.png                                                   
  └──maas                                                             
                                                                      
↓/j down • ↑/k up • ⏎ toggle • v select • q quit • ? more             