[38;2;255;0;0mâ–ˆ[m[38;2;246;78;0mâ–ˆ[m[38;2;236;111;0mâ–ˆ[m[38;2;223;138;0mâ–ˆ[m[38;2;209;161;0mâ–ˆ[m[38;2;96;96;96mâ–‘â–‘â–‘â–‘â–‘[m