[38;2;255;0;0;48;2;251;52;0mâ–Œ[m[38;2;247;76;0;48;2;242;93;0mâ–Œ[m[38;2;237;108;0;48;2;231;122;0mâ–Œ[m[38;2;225;134;0;48;2;219;145;0mâ–Œ[m[38;2;212;156;0;48;2;205;166;0mâ–Œ[m[38;2;96;96;96mâ–‘â–‘â–‘â–‘â–‘[m