[38;2;255;0;0;48;2;246;78;0mâ–Œ[m[38;2;236;111;0;48;2;223;138;0mâ–Œ[m[38;2;209;161;0;48;2;192;181;0mâ–Œ[m[38;2;171;201;0;48;2;144;220;0mâ–Œ[m[38;2;106;238;0;48;2;0;255;0mâ–Œ[m[38;2;96;96;96mâ–‘â–‘â–‘â–‘â–‘[m