[38;2;255;0;0;48;2;255;0;0mâ–Œ[m[38;2;255;0;0;48;2;255;0;0mâ–Œ[m[38;2;255;0;0;48;2;255;0;0mâ–Œ[m[38;2;255;0;0;48;2;255;0;0mâ–Œ[m[38;2;255;0;0;48;2;255;0;0mâ–Œ[m[38;2;255;0;0;48;2;255;0;0mâ–Œ[m[38;2;255;0;0;48;2;255;0;0mâ–Œ[m[38;2;255;0;0;48;2;255;0;0mâ–Œ[m[38;2;255;0;0;48;2;255;0;0mâ–Œ[m[38;2;255;0;0;48;2;0;255;0mâ–Œ[m[38;2;0;255;0;48;2;0;255;0mâ–Œ[m[38;2;0;255;0;48;2;0;255;0mâ–Œ[m[38;2;0;255;0;48;2;0;255;0mâ–Œ[m[38;2;0;255;0;48;2;0;255;0mâ–Œ[m[38;2;0;255;0;48;2;0;255;0mâ–Œ[m[38;2;0;255;0;48;2;0;255;0mâ–Œ[m[38;2;0;255;0;48;2;0;255;0mâ–Œ[m[38;2;0;255;0;48;2;0;255;0mâ–Œ[m[38;2;0;255;0;48;2;0;255;0mâ–Œ[m[38;2;0;255;0;48;2;0;255;0mâ–Œ[m[38;2;0;255;0;48;2;0;255;0mâ–Œ[m[38;2;0;255;0;48;2;0;0;255mâ–Œ[m[38;2;0;0;255;48;2;0;0;255mâ–Œ[m[38;2;0;0;255;48;2;0;0;255mâ–Œ[m[38;2;0;0;255;48;2;0;0;255mâ–Œ[m[38;2;0;0;255;48;2;0;0;255mâ–Œ[m[38;2;0;0;255;48;2;0;0;255mâ–Œ[m[38;2;0;0;255;48;2;0;0;255mâ–Œ[m[38;2;0;0;255;48;2;0;0;255mâ–Œ[m[38;2;0;0;255;48;2;0;0;255mâ–Œ[m[38;2;96;96;96m[m