[38;2;255;0;0;48;2;254;27;0mâ–Œ[m[38;2;253;41;0;48;2;251;51;0mâ–Œ[m[38;2;250;60;0;48;2;248;68;0mâ–Œ[m[38;2;247;74;0;48;2;245;81;0mâ–Œ[m[38;2;244;86;0;48;2;242;92;0mâ–Œ[m[38;2;241;97;0;48;2;239;102;0mâ–Œ[m[38;2;237;106;0;48;2;236;111;0mâ–Œ[m[38;2;234;115;0;48;2;232;119;0mâ–Œ[m[38;2;230;124;0;48;2;228;128;0mâ–Œ[m[38;2;227;131;0;48;2;225;135;0mâ–Œ[m[38;2;223;139;0;48;2;221;143;0mâ–Œ[m[38;2;218;146;0;48;2;216;150;0mâ–Œ[m[38;2;214;153;0;48;2;212;156;0mâ–Œ[m[38;2;209;160;0;48;2;207;163;0mâ–Œ[m[38;2;205;166;0;48;2;202;170;0mâ–Œ[m[38;2;200;173;0;48;2;197;176;0mâ–Œ[m[38;2;194;179;0;48;2;191;182;0mâ–Œ[m[38;2;188;185;0;48;2;185;188;0mâ–Œ[m[38;2;182;191;0;48;2;179;194;0mâ–Œ[m[38;2;176;197;0;48;2;172;200;0mâ–Œ[m[38;2;169;203;0;48;2;165;206;0mâ–Œ[m[38;2;161;209;0;48;2;157;212;0mâ–Œ[m[38;2;153;214;0;48;2;149;217;0mâ–Œ[m[38;2;144;220;0;48;2;139;223;0mâ–Œ[m[38;2;134;226;0;48;2;128;228;0mâ–Œ[m[38;2;123;231;0;48;2;116;234;0mâ–Œ[m[38;2;109;237;0;48;2;102;239;0mâ–Œ[m[38;2;94;242;0;48;2;84;245;0mâ–Œ[m[38;2;73;247;0;48;2;60;250;0mâ–Œ[m[38;2;41;253;0;48;2;0;255;0mâ–Œ[m[38;2;96;96;96m[m