 Name                       Country of Origâ€¦  Dunk-able    
 Chocolate Digestives       UK                Yes          