┌────────────────────────────────────────────────────┐
│ [1mName[m                  [1mCountry of Origin[m  [1mDunk-able[m │