┌──────────────────────┐
│ [1mName[m                 │
├──────────────────────┤
│ [1;38;5;212mChocolate Digestives[m │
└──────────────────────┘